Mono path[0] = 'C:/Users/mrkl6/Downloads/Projects/Wreckabulary/wreckabulary/Builds/Windows/Wreckabulary_Data/Managed'
Mono config path = 'C:/Users/mrkl6/Downloads/Projects/Wreckabulary/wreckabulary/Builds/Windows/MonoBleedingEdge/etc'
CodeReloadManager initialized
Input System module state changed to: Initialized.
[Physics::Module] Initialized fallback backend.
[Physics::Module] Id: 0xdecafbad
Initialize engine version: 6000.6.3f1 (45d8eee7de74)
[EntityIdStore] init: VM path (explicit commit), pageSize=4096, blockCount=1048576, entitiesPerBlock=256, slots reserved=4294967296 bytes
[Subsystems] Discovering subsystems at path C:/Users/mrkl6/Downloads/Projects/Wreckabulary/wreckabulary/Builds/Windows/Wreckabulary_Data/UnitySubsystems
Forcing GfxDevice: Direct3D 11
GfxDevice: creating device client; kGfxThreadingModeClientWorkerJobs
Direct3D:
    Version:  Direct3D 11.0 [level 11.1]
    Renderer: Intel(R) Arc(TM) Graphics (ID=0x7d55)
    Vendor:   Intel
    VRAM:     18310 MB
    Driver:   32.0.101.6314
Begin MonoManager ReloadAssembly
- Finished resetting the current domain, in  0.014 seconds
[Physics::Module] Selected backend (deferred post-plugins).
[Physics::Module] Name: PhysX
[Physics::Module] Id: 0xf2b8ea05
[Physics::Module] SDK Version: 4.1.2
[Physics::Module] Integration Version: 1.0.0
[Physics::Module] Threading Mode: Multi-Threaded
<RI> Initializing input.
Using Windows.Gaming.Input
UnloadTime: 14.003800 ms
